WARNING: All log messages before absl::InitializeLog() is called are written to STDERR
I0000 00:00:1789670668.095879     429 cpu_feature_guard.cc:227] This TensorFlow binary is optimized to use available CPU instructions in performance-critical operations.
To enable the following instructions: AVX2 FMA, in other operations, rebuild TensorFlow with the appropriate compiler flags.
I0000 00:00:1789670672.133301     429 gpu_device.cc:2043] Created device /job:localhost/replica:0/task:0/device:GPU:0 with 5562 MB memory:  -> device: 0, name: NVIDIA GeForce RTX 3070, pci bus id: 0000:05:00.0, compute capability: 8.6
/home/vi_tanaka/venvs/smiledataai-tf/lib/python3.11/site-packages/keras/src/layers/layer.py:431: UserWarning: `build()` was called on layer 'seg_former_image_segmenter', however the layer does not have a `build()` method implemented and it looks like it has unbuilt state. This will cause the layer to be marked as built, despite not being actually built, which may cause failures down the line. Make sure to implement a proper `build()` method.
  warnings.warn(
I0000 00:00:1789670676.910165     429 cuda_dnn.cc:461] Loaded cuDNN version 92600
epoch 001/200 train_loss=1.8494 test_loss=0.9882 mean_iou=0.0739 (46.4s)
epoch 002/200 train_loss=0.7378 test_loss=0.5053 mean_iou=0.2399 (42.1s)
epoch 003/200 train_loss=0.4247 test_loss=0.3245 mean_iou=0.4130 (41.9s)
epoch 004/200 train_loss=0.2906 test_loss=0.2566 mean_iou=0.5309 (41.1s)
epoch 005/200 train_loss=0.2485 test_loss=0.2330 mean_iou=0.5462 (40.8s)
epoch 006/200 train_loss=0.2051 test_loss=0.2006 mean_iou=0.5971 (40.8s)
epoch 007/200 train_loss=0.1888 test_loss=0.1931 mean_iou=0.6130 (40.7s)
epoch 008/200 train_loss=0.1794 test_loss=0.1873 mean_iou=0.6261 (40.8s)
epoch 009/200 train_loss=0.1596 test_loss=0.1754 mean_iou=0.6461 (40.6s)
epoch 010/200 train_loss=0.1539 test_loss=0.1698 mean_iou=0.6470 (41.2s)
epoch 011/200 train_loss=0.1378 test_loss=0.1619 mean_iou=0.6697 (40.7s)
epoch 012/200 train_loss=0.1377 test_loss=0.1668 mean_iou=0.6650 (40.5s)
epoch 013/200 train_loss=0.1312 test_loss=0.1555 mean_iou=0.6851 (40.5s)
epoch 014/200 train_loss=0.1186 test_loss=0.1560 mean_iou=0.6796 (41.0s)
epoch 015/200 train_loss=0.1171 test_loss=0.1556 mean_iou=0.6811 (41.6s)
epoch 016/200 train_loss=0.1121 test_loss=0.1532 mean_iou=0.6879 (41.6s)
epoch 017/200 train_loss=0.1048 test_loss=0.1479 mean_iou=0.6926 (41.5s)
epoch 018/200 train_loss=0.1026 test_loss=0.1509 mean_iou=0.6927 (41.0s)
epoch 019/200 train_loss=0.1027 test_loss=0.1476 mean_iou=0.7028 (40.6s)
epoch 020/200 train_loss=0.0967 test_loss=0.1429 mean_iou=0.7111 (40.5s)
epoch 021/200 train_loss=0.0966 test_loss=0.1421 mean_iou=0.7111 (40.7s)
epoch 022/200 train_loss=0.0981 test_loss=0.1434 mean_iou=0.7121 (40.5s)
epoch 023/200 train_loss=0.0944 test_loss=0.1484 mean_iou=0.7001 (40.6s)
epoch 024/200 train_loss=0.0845 test_loss=0.1435 mean_iou=0.7111 (40.6s)
epoch 025/200 train_loss=0.0846 test_loss=0.1393 mean_iou=0.7187 (40.7s)
epoch 026/200 train_loss=0.0823 test_loss=0.1395 mean_iou=0.7213 (40.6s)
epoch 027/200 train_loss=0.0918 test_loss=0.1543 mean_iou=0.6933 (40.6s)
epoch 028/200 train_loss=0.0852 test_loss=0.1443 mean_iou=0.7147 (40.7s)
epoch 029/200 train_loss=0.0813 test_loss=0.1452 mean_iou=0.7126 (40.5s)
epoch 030/200 train_loss=0.0785 test_loss=0.1386 mean_iou=0.7264 (40.6s)
epoch 031/200 train_loss=0.0821 test_loss=0.1420 mean_iou=0.7175 (40.6s)
epoch 032/200 train_loss=0.0781 test_loss=0.1425 mean_iou=0.7201 (40.5s)
epoch 033/200 train_loss=0.0763 test_loss=0.1396 mean_iou=0.7252 (40.5s)
epoch 034/200 train_loss=0.0712 test_loss=0.1370 mean_iou=0.7312 (40.6s)
epoch 035/200 train_loss=0.0685 test_loss=0.1366 mean_iou=0.7366 (42.0s)
epoch 036/200 train_loss=0.0688 test_loss=0.1382 mean_iou=0.7350 (40.8s)
epoch 037/200 train_loss=0.0700 test_loss=0.1420 mean_iou=0.7322 (40.3s)
epoch 038/200 train_loss=0.0668 test_loss=0.1363 mean_iou=0.7369 (40.5s)
epoch 039/200 train_loss=0.0650 test_loss=0.1460 mean_iou=0.7263 (40.4s)
epoch 040/200 train_loss=0.0631 test_loss=0.1429 mean_iou=0.7342 (40.5s)
epoch 041/200 train_loss=0.0643 test_loss=0.1469 mean_iou=0.7204 (40.9s)
epoch 042/200 train_loss=0.0635 test_loss=0.1416 mean_iou=0.7372 (41.0s)
epoch 043/200 train_loss=0.0621 test_loss=0.1440 mean_iou=0.7321 (40.7s)
epoch 044/200 train_loss=0.0654 test_loss=0.1475 mean_iou=0.7269 (40.5s)
epoch 045/200 train_loss=0.0648 test_loss=0.1455 mean_iou=0.7361 (40.8s)
epoch 046/200 train_loss=0.0597 test_loss=0.1421 mean_iou=0.7347 (41.4s)
epoch 047/200 train_loss=0.0595 test_loss=0.1455 mean_iou=0.7285 (40.6s)
epoch 048/200 train_loss=0.0585 test_loss=0.1355 mean_iou=0.7466 (40.7s)
epoch 049/200 train_loss=0.0563 test_loss=0.1444 mean_iou=0.7370 (40.7s)
epoch 050/200 train_loss=0.0570 test_loss=0.1386 mean_iou=0.7443 (40.5s)
epoch 051/200 train_loss=0.0677 test_loss=0.1470 mean_iou=0.7337 (40.5s)
epoch 052/200 train_loss=0.0649 test_loss=0.1467 mean_iou=0.7285 (40.7s)
epoch 053/200 train_loss=0.0609 test_loss=0.1423 mean_iou=0.7399 (40.6s)
epoch 054/200 train_loss=0.0547 test_loss=0.1384 mean_iou=0.7461 (40.5s)
epoch 055/200 train_loss=0.0580 test_loss=0.1399 mean_iou=0.7433 (40.9s)
epoch 056/200 train_loss=0.0593 test_loss=0.1458 mean_iou=0.7351 (40.6s)
epoch 057/200 train_loss=0.0534 test_loss=0.1406 mean_iou=0.7487 (40.7s)
epoch 058/200 train_loss=0.0523 test_loss=0.1413 mean_iou=0.7471 (40.6s)
epoch 059/200 train_loss=0.0514 test_loss=0.1444 mean_iou=0.7416 (40.5s)
epoch 060/200 train_loss=0.0499 test_loss=0.1468 mean_iou=0.7392 (40.5s)
epoch 061/200 train_loss=0.0514 test_loss=0.1483 mean_iou=0.7379 (40.6s)
epoch 062/200 train_loss=0.0513 test_loss=0.1417 mean_iou=0.7442 (40.6s)
epoch 063/200 train_loss=0.0500 test_loss=0.1441 mean_iou=0.7463 (40.5s)
epoch 064/200 train_loss=0.0502 test_loss=0.1437 mean_iou=0.7460 (40.7s)
epoch 065/200 train_loss=0.0456 test_loss=0.1461 mean_iou=0.7461 (40.8s)
epoch 066/200 train_loss=0.0488 test_loss=0.1442 mean_iou=0.7460 (40.5s)
epoch 067/200 train_loss=0.0454 test_loss=0.1447 mean_iou=0.7506 (40.7s)
epoch 068/200 train_loss=0.0474 test_loss=0.1491 mean_iou=0.7429 (40.4s)
epoch 069/200 train_loss=0.0452 test_loss=0.1425 mean_iou=0.7517 (40.7s)
epoch 070/200 train_loss=0.0477 test_loss=0.1478 mean_iou=0.7491 (40.6s)
epoch 071/200 train_loss=0.0494 test_loss=0.1484 mean_iou=0.7448 (40.6s)
epoch 072/200 train_loss=0.0488 test_loss=0.1439 mean_iou=0.7551 (40.7s)
epoch 073/200 train_loss=0.0460 test_loss=0.1439 mean_iou=0.7528 (40.6s)
epoch 074/200 train_loss=0.0459 test_loss=0.1497 mean_iou=0.7492 (40.8s)
epoch 075/200 train_loss=0.0436 test_loss=0.1469 mean_iou=0.7524 (40.8s)
epoch 076/200 train_loss=0.0443 test_loss=0.1453 mean_iou=0.7536 (40.6s)
epoch 077/200 train_loss=0.0458 test_loss=0.1514 mean_iou=0.7435 (40.5s)
epoch 078/200 train_loss=0.0430 test_loss=0.1484 mean_iou=0.7509 (40.4s)
epoch 079/200 train_loss=0.0428 test_loss=0.1475 mean_iou=0.7530 (40.7s)
epoch 080/200 train_loss=0.0452 test_loss=0.1502 mean_iou=0.7506 (40.5s)
epoch 081/200 train_loss=0.0431 test_loss=0.1473 mean_iou=0.7591 (40.7s)
epoch 082/200 train_loss=0.0448 test_loss=0.1479 mean_iou=0.7521 (41.1s)
epoch 083/200 train_loss=0.0439 test_loss=0.1557 mean_iou=0.7473 (40.5s)
epoch 084/200 train_loss=0.0436 test_loss=0.1491 mean_iou=0.7508 (40.4s)
epoch 085/200 train_loss=0.0432 test_loss=0.1527 mean_iou=0.7481 (40.5s)
epoch 086/200 train_loss=0.0408 test_loss=0.1502 mean_iou=0.7490 (40.2s)
epoch 087/200 train_loss=0.0401 test_loss=0.1521 mean_iou=0.7529 (40.4s)
epoch 088/200 train_loss=0.0422 test_loss=0.1475 mean_iou=0.7560 (40.6s)
epoch 089/200 train_loss=0.0397 test_loss=0.1524 mean_iou=0.7471 (40.6s)
epoch 090/200 train_loss=0.0390 test_loss=0.1519 mean_iou=0.7519 (40.5s)
epoch 091/200 train_loss=0.0393 test_loss=0.1526 mean_iou=0.7538 (41.0s)
epoch 092/200 train_loss=0.0375 test_loss=0.1527 mean_iou=0.7510 (40.7s)
epoch 093/200 train_loss=0.0369 test_loss=0.1530 mean_iou=0.7532 (40.5s)
epoch 094/200 train_loss=0.0369 test_loss=0.1498 mean_iou=0.7577 (40.6s)
epoch 095/200 train_loss=0.0387 test_loss=0.1542 mean_iou=0.7536 (40.5s)
epoch 096/200 train_loss=0.0394 test_loss=0.1628 mean_iou=0.7423 (40.6s)
epoch 097/200 train_loss=0.0384 test_loss=0.1542 mean_iou=0.7544 (40.5s)
epoch 098/200 train_loss=0.0377 test_loss=0.1541 mean_iou=0.7530 (40.5s)
epoch 099/200 train_loss=0.0362 test_loss=0.1566 mean_iou=0.7513 (40.6s)
epoch 100/200 train_loss=0.0368 test_loss=0.1572 mean_iou=0.7470 (40.5s)
epoch 101/200 train_loss=0.0364 test_loss=0.1566 mean_iou=0.7528 (40.5s)
epoch 102/200 train_loss=0.0377 test_loss=0.1543 mean_iou=0.7565 (40.5s)
epoch 103/200 train_loss=0.0359 test_loss=0.1553 mean_iou=0.7585 (41.7s)
epoch 104/200 train_loss=0.0339 test_loss=0.1537 mean_iou=0.7583 (40.7s)
epoch 105/200 train_loss=0.0374 test_loss=0.1576 mean_iou=0.7544 (44.2s)
epoch 106/200 train_loss=0.0415 test_loss=0.1569 mean_iou=0.7546 (46.0s)
epoch 107/200 train_loss=0.0375 test_loss=0.1573 mean_iou=0.7527 (44.2s)
epoch 108/200 train_loss=0.0385 test_loss=0.1534 mean_iou=0.7568 (50.1s)
epoch 109/200 train_loss=0.0354 test_loss=0.1571 mean_iou=0.7571 (44.3s)
epoch 110/200 train_loss=0.0343 test_loss=0.1602 mean_iou=0.7534 (49.5s)
epoch 111/200 train_loss=0.0367 test_loss=0.1576 mean_iou=0.7512 (44.2s)
epoch 112/200 train_loss=0.0368 test_loss=0.1539 mean_iou=0.7583 (46.0s)
epoch 113/200 train_loss=0.0358 test_loss=0.1552 mean_iou=0.7580 (58.7s)
epoch 114/200 train_loss=0.0344 test_loss=0.1588 mean_iou=0.7543 (62.0s)
epoch 115/200 train_loss=0.0355 test_loss=0.1644 mean_iou=0.7488 (61.0s)
epoch 116/200 train_loss=0.0362 test_loss=0.1548 mean_iou=0.7622 (61.0s)
epoch 117/200 train_loss=0.0349 test_loss=0.1610 mean_iou=0.7539 (61.4s)
epoch 118/200 train_loss=0.0360 test_loss=0.1619 mean_iou=0.7525 (62.7s)
epoch 119/200 train_loss=0.0350 test_loss=0.1579 mean_iou=0.7589 (62.3s)
epoch 120/200 train_loss=0.0337 test_loss=0.1562 mean_iou=0.7618 (63.0s)
epoch 121/200 train_loss=0.0360 test_loss=0.1567 mean_iou=0.7582 (64.1s)
epoch 122/200 train_loss=0.0338 test_loss=0.1573 mean_iou=0.7602 (65.5s)
epoch 123/200 train_loss=0.0347 test_loss=0.1586 mean_iou=0.7602 (62.2s)
epoch 124/200 train_loss=0.0313 test_loss=0.1618 mean_iou=0.7575 (62.5s)
epoch 125/200 train_loss=0.0322 test_loss=0.1606 mean_iou=0.7603 (62.0s)
epoch 126/200 train_loss=0.0316 test_loss=0.1610 mean_iou=0.7572 (63.9s)
epoch 127/200 train_loss=0.0328 test_loss=0.1609 mean_iou=0.7594 (62.8s)
epoch 128/200 train_loss=0.0311 test_loss=0.1616 mean_iou=0.7590 (61.5s)
epoch 129/200 train_loss=0.0311 test_loss=0.1643 mean_iou=0.7577 (62.6s)
epoch 130/200 train_loss=0.0303 test_loss=0.1629 mean_iou=0.7602 (61.9s)
epoch 131/200 train_loss=0.0306 test_loss=0.1661 mean_iou=0.7573 (60.8s)
epoch 132/200 train_loss=0.0323 test_loss=0.1648 mean_iou=0.7597 (60.2s)
epoch 133/200 train_loss=0.0329 test_loss=0.1615 mean_iou=0.7591 (60.9s)
epoch 134/200 train_loss=0.0313 test_loss=0.1650 mean_iou=0.7587 (62.6s)
epoch 135/200 train_loss=0.0323 test_loss=0.1633 mean_iou=0.7594 (62.0s)
epoch 136/200 train_loss=0.0300 test_loss=0.1626 mean_iou=0.7619 (60.8s)
epoch 137/200 train_loss=0.0291 test_loss=0.1674 mean_iou=0.7572 (59.9s)
epoch 138/200 train_loss=0.0303 test_loss=0.1678 mean_iou=0.7578 (62.7s)
epoch 139/200 train_loss=0.0294 test_loss=0.1651 mean_iou=0.7588 (60.7s)
epoch 140/200 train_loss=0.0297 test_loss=0.1638 mean_iou=0.7604 (59.5s)
epoch 141/200 train_loss=0.0306 test_loss=0.1663 mean_iou=0.7596 (59.8s)
epoch 142/200 train_loss=0.0295 test_loss=0.1647 mean_iou=0.7597 (54.9s)
epoch 143/200 train_loss=0.0291 test_loss=0.1670 mean_iou=0.7596 (45.0s)
epoch 144/200 train_loss=0.0307 test_loss=0.1698 mean_iou=0.7544 (44.1s)
epoch 145/200 train_loss=0.0280 test_loss=0.1692 mean_iou=0.7574 (46.3s)
epoch 146/200 train_loss=0.0298 test_loss=0.1685 mean_iou=0.7579 (60.0s)
epoch 147/200 train_loss=0.0297 test_loss=0.1698 mean_iou=0.7582 (62.6s)
epoch 148/200 train_loss=0.0289 test_loss=0.1697 mean_iou=0.7591 (60.9s)
epoch 149/200 train_loss=0.0286 test_loss=0.1700 mean_iou=0.7595 (58.5s)
epoch 150/200 train_loss=0.0286 test_loss=0.1693 mean_iou=0.7585 (61.5s)
epoch 151/200 train_loss=0.0278 test_loss=0.1695 mean_iou=0.7598 (60.5s)
epoch 152/200 train_loss=0.0280 test_loss=0.1729 mean_iou=0.7564 (58.8s)
epoch 153/200 train_loss=0.0285 test_loss=0.1719 mean_iou=0.7579 (59.1s)
epoch 154/200 train_loss=0.0290 test_loss=0.1689 mean_iou=0.7610 (58.5s)
epoch 155/200 train_loss=0.0300 test_loss=0.1685 mean_iou=0.7638 (59.1s)
epoch 156/200 train_loss=0.0280 test_loss=0.1709 mean_iou=0.7616 (60.4s)
epoch 157/200 train_loss=0.0266 test_loss=0.1711 mean_iou=0.7597 (59.5s)
epoch 158/200 train_loss=0.0283 test_loss=0.1731 mean_iou=0.7591 (58.0s)
epoch 159/200 train_loss=0.0276 test_loss=0.1751 mean_iou=0.7592 (59.3s)
epoch 160/200 train_loss=0.0302 test_loss=0.1715 mean_iou=0.7605 (59.9s)
epoch 161/200 train_loss=0.0284 test_loss=0.1720 mean_iou=0.7588 (59.2s)
epoch 162/200 train_loss=0.0275 test_loss=0.1728 mean_iou=0.7606 (59.6s)
epoch 163/200 train_loss=0.0273 test_loss=0.1747 mean_iou=0.7602 (59.3s)
epoch 164/200 train_loss=0.0283 test_loss=0.1731 mean_iou=0.7611 (59.4s)
epoch 165/200 train_loss=0.0264 test_loss=0.1747 mean_iou=0.7598 (59.2s)
epoch 166/200 train_loss=0.0275 test_loss=0.1743 mean_iou=0.7589 (61.2s)
epoch 167/200 train_loss=0.0269 test_loss=0.1752 mean_iou=0.7604 (60.0s)
epoch 168/200 train_loss=0.0281 test_loss=0.1762 mean_iou=0.7598 (60.5s)
epoch 169/200 train_loss=0.0275 test_loss=0.1738 mean_iou=0.7599 (47.4s)
epoch 170/200 train_loss=0.0259 test_loss=0.1771 mean_iou=0.7571 (43.8s)
epoch 171/200 train_loss=0.0263 test_loss=0.1765 mean_iou=0.7596 (43.4s)
epoch 172/200 train_loss=0.0274 test_loss=0.1782 mean_iou=0.7581 (43.5s)
epoch 173/200 train_loss=0.0256 test_loss=0.1759 mean_iou=0.7601 (43.6s)
epoch 174/200 train_loss=0.0260 test_loss=0.1757 mean_iou=0.7597 (43.4s)
epoch 175/200 train_loss=0.0262 test_loss=0.1760 mean_iou=0.7597 (44.2s)
epoch 176/200 train_loss=0.0255 test_loss=0.1790 mean_iou=0.7596 (41.1s)
epoch 177/200 train_loss=0.0265 test_loss=0.1765 mean_iou=0.7598 (41.2s)
epoch 178/200 train_loss=0.0263 test_loss=0.1771 mean_iou=0.7597 (41.0s)
epoch 179/200 train_loss=0.0271 test_loss=0.1759 mean_iou=0.7592 (40.8s)
epoch 180/200 train_loss=0.0256 test_loss=0.1769 mean_iou=0.7606 (41.0s)
epoch 181/200 train_loss=0.0276 test_loss=0.1763 mean_iou=0.7600 (40.9s)
epoch 182/200 train_loss=0.0259 test_loss=0.1768 mean_iou=0.7595 (40.9s)
epoch 183/200 train_loss=0.0278 test_loss=0.1775 mean_iou=0.7597 (41.3s)
epoch 184/200 train_loss=0.0263 test_loss=0.1776 mean_iou=0.7601 (40.7s)
epoch 185/200 train_loss=0.0282 test_loss=0.1772 mean_iou=0.7601 (40.6s)
epoch 186/200 train_loss=0.0272 test_loss=0.1781 mean_iou=0.7595 (40.7s)
epoch 187/200 train_loss=0.0275 test_loss=0.1775 mean_iou=0.7590 (41.0s)
epoch 188/200 train_loss=0.0254 test_loss=0.1770 mean_iou=0.7599 (40.6s)
epoch 189/200 train_loss=0.0281 test_loss=0.1779 mean_iou=0.7602 (40.7s)
epoch 190/200 train_loss=0.0248 test_loss=0.1769 mean_iou=0.7601 (40.9s)
epoch 191/200 train_loss=0.0273 test_loss=0.1782 mean_iou=0.7591 (40.7s)
epoch 192/200 train_loss=0.0254 test_loss=0.1766 mean_iou=0.7610 (40.8s)
epoch 193/200 train_loss=0.0272 test_loss=0.1784 mean_iou=0.7592 (40.9s)
epoch 194/200 train_loss=0.0261 test_loss=0.1779 mean_iou=0.7597 (40.6s)
epoch 195/200 train_loss=0.0274 test_loss=0.1781 mean_iou=0.7602 (41.2s)
epoch 196/200 train_loss=0.0263 test_loss=0.1779 mean_iou=0.7595 (41.1s)
epoch 197/200 train_loss=0.0261 test_loss=0.1778 mean_iou=0.7597 (40.9s)
epoch 198/200 train_loss=0.0265 test_loss=0.1790 mean_iou=0.7599 (40.9s)
epoch 199/200 train_loss=0.0250 test_loss=0.1785 mean_iou=0.7605 (40.9s)
epoch 200/200 train_loss=0.0253 test_loss=0.1785 mean_iou=0.7596 (41.1s)
Modelo salvo em /mnt/c/Developer/WIA_Teeth_Semantic_Segmentation/data/tensorflow_checkpoint/segformer_teeth.keras
